	Command being timed: "rosrun bievr_lio_ros process_bag __name:=bievr_pf4_run1 --params_file results/round10_7_pointfilter4/tunneld/run1/config_used.yaml --sensor_config_file config/sensor_configs/enwide.yaml --bag /home/lc/algorithm_versa/bag/ENWIDE/2023-08-08-17-50-31-tunnel_d.bag"
	User time (seconds): 492.88
	System time (seconds): 48.74
	Percent of CPU this job got: 536%
	Elapsed (wall clock) time (h:mm:ss or m:ss): 1:40.87
	Average shared text size (kbytes): 0
	Average unshared data size (kbytes): 0
	Average stack size (kbytes): 0
	Average total size (kbytes): 0
	Maximum resident set size (kbytes): 149836
	Average resident set size (kbytes): 0
	Major (requiring I/O) page faults: 0
	Minor (reclaiming a frame) page faults: 3708381
	Voluntary context switches: 598246
	Involuntary context switches: 1815120
	Swaps: 0
	File system inputs: 127496
	File system outputs: 7968
	Socket messages sent: 0
	Socket messages received: 0
	Signals delivered: 0
	Page size (bytes): 4096
	Exit status: 0
