	Command being timed: "rosrun bievr_lio_ros process_bag __name:=bievr_r3fb0 --params_file /home/lc/algorithm_versa/src/BIEVR-LIO/results/round16_r3_parity/flatsurfaces_b0/config_used.yaml --sensor_config_file /home/lc/algorithm_versa/src/BIEVR-LIO/config/sensor_configs/gamma.yaml --bag /home/lc/algorithm_versa/bag/ENWIDE/flat_surfaces_smooth.bag"
	User time (seconds): 96.98
	System time (seconds): 12.04
	Percent of CPU this job got: 366%
	Elapsed (wall clock) time (h:mm:ss or m:ss): 0:29.75
	Average shared text size (kbytes): 0
	Average unshared data size (kbytes): 0
	Average stack size (kbytes): 0
	Average total size (kbytes): 0
	Maximum resident set size (kbytes): 59428
	Average resident set size (kbytes): 0
	Major (requiring I/O) page faults: 0
	Minor (reclaiming a frame) page faults: 20890
	Voluntary context switches: 131004
	Involuntary context switches: 1128373
	Swaps: 0
	File system inputs: 0
	File system outputs: 1672
	Socket messages sent: 0
	Socket messages received: 0
	Signals delivered: 0
	Page size (bytes): 4096
	Exit status: 0
