	Command being timed: "rosrun bievr_lio_ros process_bag __name:=bievr_r106_manual_run3 --params_file /home/lc/algorithm_versa/src/BIEVR-LIO/results/round10_6_manual_coldcache/run3/config_used.yaml --sensor_config_file /home/lc/algorithm_versa/src/BIEVR-LIO/config/sensor_configs/enwide.yaml --bag /home/lc/algorithm_versa/bag/ENWIDE/2023-08-08-17-50-31-tunnel_d.bag"
	User time (seconds): 657.93
	System time (seconds): 53.22
	Percent of CPU this job got: 410%
	Elapsed (wall clock) time (h:mm:ss or m:ss): 2:53.35
	Average shared text size (kbytes): 0
	Average unshared data size (kbytes): 0
	Average stack size (kbytes): 0
	Average total size (kbytes): 0
	Maximum resident set size (kbytes): 322268
	Average resident set size (kbytes): 0
	Major (requiring I/O) page faults: 0
	Minor (reclaiming a frame) page faults: 1042127
	Voluntary context switches: 737414
	Involuntary context switches: 2892741
	Swaps: 0
	File system inputs: 0
	File system outputs: 8352
	Socket messages sent: 0
	Socket messages received: 0
	Signals delivered: 0
	Page size (bytes): 4096
	Exit status: 0
