	Command being timed: "rosrun bievr_lio_ros process_bag __name:=bievr_r105 --params_file /home/lc/algorithm_versa/src/BIEVR-LIO/results/round10_5_audit/tunneld/config_used.yaml --sensor_config_file /home/lc/algorithm_versa/src/BIEVR-LIO/config/sensor_configs/enwide.yaml --bag /home/lc/algorithm_versa/bag/ENWIDE/2023-08-08-17-50-31-tunnel_d.bag"
	User time (seconds): 617.93
	System time (seconds): 43.56
	Percent of CPU this job got: 438%
	Elapsed (wall clock) time (h:mm:ss or m:ss): 2:30.68
	Average shared text size (kbytes): 0
	Average unshared data size (kbytes): 0
	Average stack size (kbytes): 0
	Average total size (kbytes): 0
	Maximum resident set size (kbytes): 595476
	Average resident set size (kbytes): 0
	Major (requiring I/O) page faults: 4
	Minor (reclaiming a frame) page faults: 478591
	Voluntary context switches: 697027
	Involuntary context switches: 2044205
	Swaps: 0
	File system inputs: 0
	File system outputs: 8248
	Socket messages sent: 0
	Socket messages received: 0
	Signals delivered: 0
	Page size (bytes): 4096
	Exit status: 0
