	Command being timed: "rosrun bievr_lio_ros process_bag __name:=bievr_r12 --params_file /home/lc/algorithm_versa/src/BIEVR-LIO/results/round12_shield_rerun/shield4/C1_A/config_used.yaml --sensor_config_file /home/lc/algorithm_versa/src/BIEVR-LIO/config/sensor_configs/gamma.yaml --bag /home/lc/algorithm_versa/bag/GEODE/Shield_tunnel4_gamma.bag"
	User time (seconds): 705.27
	System time (seconds): 61.54
	Percent of CPU this job got: 574%
	Elapsed (wall clock) time (h:mm:ss or m:ss): 2:13.48
	Average shared text size (kbytes): 0
	Average unshared data size (kbytes): 0
	Average stack size (kbytes): 0
	Average total size (kbytes): 0
	Maximum resident set size (kbytes): 269408
	Average resident set size (kbytes): 0
	Major (requiring I/O) page faults: 3
	Minor (reclaiming a frame) page faults: 84191
	Voluntary context switches: 891036
	Involuntary context switches: 3193993
	Swaps: 0
	File system inputs: 0
	File system outputs: 20912
	Socket messages sent: 0
	Socket messages received: 0
	Signals delivered: 0
	Page size (bytes): 4096
	Exit status: 0
