	Command being timed: "rosrun bievr_lio_ros process_bag __name:=bievr_r12 --params_file /home/lc/algorithm_versa/src/BIEVR-LIO/results/round12_shield_rerun/shield1/B0/config_used.yaml --sensor_config_file /home/lc/algorithm_versa/src/BIEVR-LIO/config/sensor_configs/gamma.yaml --bag /home/lc/algorithm_versa/bag/GEODE/Shield_tunnel1_gamma.bag"
	User time (seconds): 976.69
	System time (seconds): 86.56
	Percent of CPU this job got: 564%
	Elapsed (wall clock) time (h:mm:ss or m:ss): 3:08.45
	Average shared text size (kbytes): 0
	Average unshared data size (kbytes): 0
	Average stack size (kbytes): 0
	Average total size (kbytes): 0
	Maximum resident set size (kbytes): 279960
	Average resident set size (kbytes): 0
	Major (requiring I/O) page faults: 0
	Minor (reclaiming a frame) page faults: 86755
	Voluntary context switches: 1286475
	Involuntary context switches: 4083285
	Swaps: 0
	File system inputs: 0
	File system outputs: 11040
	Socket messages sent: 0
	Socket messages received: 0
	Signals delivered: 0
	Page size (bytes): 4096
	Exit status: 0
