	Command being timed: "rosrun bievr_lio_ros process_bag __name:=bievr_r3s1 --params_file /home/lc/algorithm_versa/src/BIEVR-LIO/results/round16_r3_parity/shield1_c1/config_used.yaml --sensor_config_file /home/lc/algorithm_versa/src/BIEVR-LIO/config/sensor_configs/gamma.yaml --bag /home/lc/algorithm_versa/bag/GEODE/Shield_tunnel1_gamma.bag"
	User time (seconds): 1217.99
	System time (seconds): 104.96
	Percent of CPU this job got: 560%
	Elapsed (wall clock) time (h:mm:ss or m:ss): 3:56.09
	Average shared text size (kbytes): 0
	Average unshared data size (kbytes): 0
	Average stack size (kbytes): 0
	Average total size (kbytes): 0
	Maximum resident set size (kbytes): 333688
	Average resident set size (kbytes): 0
	Major (requiring I/O) page faults: 0
	Minor (reclaiming a frame) page faults: 100490
	Voluntary context switches: 1545962
	Involuntary context switches: 5455473
	Swaps: 0
	File system inputs: 0
	File system outputs: 33672
	Socket messages sent: 0
	Socket messages received: 0
	Signals delivered: 0
	Page size (bytes): 4096
	Exit status: 0
