	Command being timed: "rosrun bievr_lio_ros process_bag __name:=bievr_r106_manual_run1 --params_file /home/lc/algorithm_versa/src/BIEVR-LIO/results/round10_6_manual_coldcache/run1/config_used.yaml --sensor_config_file /home/lc/algorithm_versa/src/BIEVR-LIO/config/sensor_configs/enwide.yaml --bag /home/lc/algorithm_versa/bag/ENWIDE/2023-08-08-17-50-31-tunnel_d.bag"
	User time (seconds): 601.68
	System time (seconds): 48.80
	Percent of CPU this job got: 416%
	Elapsed (wall clock) time (h:mm:ss or m:ss): 2:36.06
	Average shared text size (kbytes): 0
	Average unshared data size (kbytes): 0
	Average stack size (kbytes): 0
	Average total size (kbytes): 0
	Maximum resident set size (kbytes): 169432
	Average resident set size (kbytes): 0
	Major (requiring I/O) page faults: 0
	Minor (reclaiming a frame) page faults: 3354708
	Voluntary context switches: 664813
	Involuntary context switches: 1905603
	Swaps: 0
	File system inputs: 978568
	File system outputs: 8328
	Socket messages sent: 0
	Socket messages received: 0
	Signals delivered: 0
	Page size (bytes): 4096
	Exit status: 0
