	Command being timed: "rosrun bievr_lio_ros process_bag __name:=bievr_r3td --params_file /home/lc/algorithm_versa/src/BIEVR-LIO/results/round16_r3_parity/tunneld_c1/config_used.yaml --sensor_config_file /home/lc/algorithm_versa/src/BIEVR-LIO/config/sensor_configs/enwide.yaml --bag /home/lc/algorithm_versa/bag/ENWIDE/2023-08-08-17-50-31-tunnel_d.bag"
	User time (seconds): 489.18
	System time (seconds): 41.38
	Percent of CPU this job got: 534%
	Elapsed (wall clock) time (h:mm:ss or m:ss): 1:39.26
	Average shared text size (kbytes): 0
	Average unshared data size (kbytes): 0
	Average stack size (kbytes): 0
	Average total size (kbytes): 0
	Maximum resident set size (kbytes): 144704
	Average resident set size (kbytes): 0
	Major (requiring I/O) page faults: 0
	Minor (reclaiming a frame) page faults: 622485
	Voluntary context switches: 596638
	Involuntary context switches: 1723367
	Swaps: 0
	File system inputs: 0
	File system outputs: 7928
	Socket messages sent: 0
	Socket messages received: 0
	Signals delivered: 0
	Page size (bytes): 4096
	Exit status: 0
