	Command being timed: "rosrun bievr_lio_ros process_bag __name:=bievr_r12fs --params_file /home/lc/algorithm_versa/src/BIEVR-LIO/results/round12_shield_rerun/flatsurfaces/C1_B/config_used.yaml --sensor_config_file /home/lc/algorithm_versa/src/BIEVR-LIO/config/sensor_configs/gamma.yaml --bag /home/lc/algorithm_versa/bag/ENWIDE/flat_surfaces_smooth.bag"
	User time (seconds): 115.44
	System time (seconds): 12.18
	Percent of CPU this job got: 499%
	Elapsed (wall clock) time (h:mm:ss or m:ss): 0:25.55
	Average shared text size (kbytes): 0
	Average unshared data size (kbytes): 0
	Average stack size (kbytes): 0
	Average total size (kbytes): 0
	Maximum resident set size (kbytes): 63048
	Average resident set size (kbytes): 0
	Major (requiring I/O) page faults: 3
	Minor (reclaiming a frame) page faults: 25890
	Voluntary context switches: 160616
	Involuntary context switches: 664788
	Swaps: 0
	File system inputs: 0
	File system outputs: 4952
	Socket messages sent: 0
	Socket messages received: 0
	Signals delivered: 0
	Page size (bytes): 4096
	Exit status: 0
