	Command being timed: "rosrun bievr_lio_ros process_bag __name:=bievr_pf4_run2 --params_file results/round10_7_pointfilter4/tunneld/run2/config_used.yaml --sensor_config_file config/sensor_configs/enwide.yaml --bag /home/lc/algorithm_versa/bag/ENWIDE/2023-08-08-17-50-31-tunnel_d.bag"
	User time (seconds): 488.22
	System time (seconds): 44.30
	Percent of CPU this job got: 548%
	Elapsed (wall clock) time (h:mm:ss or m:ss): 1:37.10
	Average shared text size (kbytes): 0
	Average unshared data size (kbytes): 0
	Average stack size (kbytes): 0
	Average total size (kbytes): 0
	Maximum resident set size (kbytes): 141900
	Average resident set size (kbytes): 0
	Major (requiring I/O) page faults: 0
	Minor (reclaiming a frame) page faults: 695098
	Voluntary context switches: 593362
	Involuntary context switches: 1857724
	Swaps: 0
	File system inputs: 0
	File system outputs: 7952
	Socket messages sent: 0
	Socket messages received: 0
	Signals delivered: 0
	Page size (bytes): 4096
	Exit status: 0
