	Command being timed: "rosrun bievr_lio_ros process_bag __name:=bievr_r12 --params_file /home/lc/algorithm_versa/src/BIEVR-LIO/results/round12_shield_rerun/shield1/C0/config_used.yaml --sensor_config_file /home/lc/algorithm_versa/src/BIEVR-LIO/config/sensor_configs/gamma.yaml --bag /home/lc/algorithm_versa/bag/GEODE/Shield_tunnel1_gamma.bag"
	User time (seconds): 1404.35
	System time (seconds): 111.53
	Percent of CPU this job got: 414%
	Elapsed (wall clock) time (h:mm:ss or m:ss): 6:06.11
	Average shared text size (kbytes): 0
	Average unshared data size (kbytes): 0
	Average stack size (kbytes): 0
	Average total size (kbytes): 0
	Maximum resident set size (kbytes): 355340
	Average resident set size (kbytes): 0
	Major (requiring I/O) page faults: 0
	Minor (reclaiming a frame) page faults: 105431
	Voluntary context switches: 1688035
	Involuntary context switches: 4717917
	Swaps: 0
	File system inputs: 0
	File system outputs: 49592
	Socket messages sent: 0
	Socket messages received: 0
	Signals delivered: 0
	Page size (bytes): 4096
	Exit status: 0
