	Command being timed: "rosrun bievr_lio_ros process_bag __name:=bievr_r11_run1 --params_file results/round11_vectorbool_fix/tunneld/run1/config_used.yaml --sensor_config_file config/sensor_configs/enwide.yaml --bag /home/lc/algorithm_versa/bag/ENWIDE/2023-08-08-17-50-31-tunnel_d.bag"
	User time (seconds): 482.15
	System time (seconds): 43.81
	Percent of CPU this job got: 539%
	Elapsed (wall clock) time (h:mm:ss or m:ss): 1:37.47
	Average shared text size (kbytes): 0
	Average unshared data size (kbytes): 0
	Average stack size (kbytes): 0
	Average total size (kbytes): 0
	Maximum resident set size (kbytes): 148856
	Average resident set size (kbytes): 0
	Major (requiring I/O) page faults: 0
	Minor (reclaiming a frame) page faults: 1526271
	Voluntary context switches: 596156
	Involuntary context switches: 1929139
	Swaps: 0
	File system inputs: 0
	File system outputs: 7976
	Socket messages sent: 0
	Socket messages received: 0
	Signals delivered: 0
	Page size (bytes): 4096
	Exit status: 0
